../Core/Src/Peripheral/rfid.c:189:6:InitRFID	8	static
../Core/Src/Peripheral/rfid.c:197:10:ReadRFID	48	static
../Core/Src/Peripheral/rfid.c:240:6:MFRC522_Init	16	static
../Core/Src/Peripheral/rfid.c:315:6:MFRC522_WriteReg	24	static
../Core/Src/Peripheral/rfid.c:345:6:MFRC522_WriteBufReg	24	static
../Core/Src/Peripheral/rfid.c:381:9:MFRC522_ReadReg	24	static
../Core/Src/Peripheral/rfid.c:418:6:MFRC522_SoftReset	8	static
../Core/Src/Peripheral/rfid.c:429:6:SetBitMask	24	static
../Core/Src/Peripheral/rfid.c:442:6:ClearBitMask	24	static
../Core/Src/Peripheral/rfid.c:455:6:AntennaOn	16	static
../Core/Src/Peripheral/rfid.c:473:6:AntennaOff	8	static
../Core/Src/Peripheral/rfid.c:527:5:MFRC522_SelfTest	112	static
../Core/Src/Peripheral/rfid.c:611:5:MFRC522_Setup	24	static
../Core/Src/Peripheral/rfid.c:656:5:MFRC522_Check	24	static
../Core/Src/Peripheral/rfid.c:674:5:MFRC522_Compare	24	static
../Core/Src/Peripheral/rfid.c:685:5:MFRC522_Request	32	static
../Core/Src/Peripheral/rfid.c:704:5:MFRC522_ToCard	48	static
../Core/Src/Peripheral/rfid.c:800:5:MFRC522_Anticoll	32	static
../Core/Src/Peripheral/rfid.c:826:6:MFRC522_CalculateCRC	40	static
../Core/Src/Peripheral/rfid.c:852:9:MFRC522_SelectTag	72	static
../Core/Src/Peripheral/rfid.c:877:5:MFRC522_Auth	56	static
../Core/Src/Peripheral/rfid.c:904:5:MFRC522_Read	32	static
../Core/Src/Peripheral/rfid.c:921:5:MFRC522_Write	56	static
../Core/Src/Peripheral/rfid.c:962:6:MFRC522_Halt	24	static
../Core/Src/Peripheral/rfid.c:975:6:MFRC522_WakeUp	24	static
../Core/Src/Peripheral/rfid.c:992:7:MFRC522_TypeToString	16	static
../Core/Src/Peripheral/rfid.c:997:5:MFRC522_ParseType	16	static
