../Core/Src/main.c:129:5:main	8	static
../Core/Src/main.c:197:6:SystemClock_Config	88	static
../Core/Src/main.c:243:13:MX_NVIC_Init	8	static
../Core/Src/main.c:258:13:MX_ADC1_Init	56	static
../Core/Src/main.c:327:13:MX_ADC2_Init	24	static
../Core/Src/main.c:411:13:MX_ADC3_Init	24	static
../Core/Src/main.c:463:13:MX_CRC_Init	8	static
../Core/Src/main.c:489:13:MX_RTC_Init	32	static
../Core/Src/main.c:552:13:MX_SDIO_SD_Init	4	static
../Core/Src/main.c:580:13:MX_SPI1_Init	8	static
../Core/Src/main.c:618:13:MX_SPI2_Init	8	static
../Core/Src/main.c:656:13:MX_TIM4_Init	48	static
../Core/Src/main.c:709:13:MX_TIM7_Init	16	static
../Core/Src/main.c:747:13:MX_USART1_UART_Init	8	static
../Core/Src/main.c:780:13:MX_USART2_UART_Init	8	static
../Core/Src/main.c:813:13:MX_USART3_UART_Init	8	static
../Core/Src/main.c:846:13:MX_USART6_UART_Init	8	static
../Core/Src/main.c:877:13:MX_DMA_Init	16	static
../Core/Src/main.c:895:13:MX_GPIO_Init	56	static
../Core/Src/main.c:1040:6:Error_Handler	4	static
