../Core/Src/Hardware/heater.c:29:6:DoorHeater	16	static
../Core/Src/Hardware/heater.c:33:6:ChamberHeater	16	static
../Core/Src/Hardware/heater.c:37:6:ChamberBackHeater	16	static
../Core/Src/Hardware/heater.c:41:6:VaporizerHeater	16	static
../Core/Src/Hardware/heater.c:47:6:DoorHeaterControl	16	static
../Core/Src/Hardware/heater.c:56:6:ChamberHeaterControl	16	static
../Core/Src/Hardware/heater.c:65:6:ChamberBackHeaterControl	16	static
../Core/Src/Hardware/heater.c:75:6:VaporizerHeaterControl	16	static
../Core/Src/Hardware/heater.c:84:6:HeaterControl	8	static
../Core/Src/Hardware/heater.c:131:6:HeatingTest	4	static
../Core/Src/Hardware/heater.c:152:5:ChamberHeaterCheck	4	static
../Core/Src/Hardware/heater.c:160:5:VaporizerHeaterCheck	4	static
